
> frontend@0.0.0 build
> vite build

[36mvite v8.0.3 [32mbuilding client environment for production...[36m[39m
[2K
transforming...Γ£ô 1996 modules transformed.
rendering chunks...
computing gzip size...
dist/index.html                        0.45 kB Γöé gzip:   0.29 kB
dist/assets/index-p2oSoI9K.css        65.75 kB Γöé gzip:  10.31 kB
dist/assets/purify.es-y41lKIN9.js     21.03 kB Γöé gzip:   8.47 kB
dist/assets/index.es-C2aZFXM8.js     151.38 kB Γöé gzip:  48.87 kB
dist/assets/html2canvas-DMCaQij2.js  199.56 kB Γöé gzip:  46.78 kB
dist/assets/index-JtaLnSfi.js        999.57 kB Γöé gzip: 320.77 kB

[32mΓ£ô built in 1.85s[39m
node.exe : [33m[plugin 
builtin:vite-reporter] 
At line:1 char:1
+ & "C:\Program 
Files\nodejs/node.exe" "C:\U
sers\sreej\AppData\Roaming\ 
...
+ ~~~~~~~~~~~~~~~~~~~~~~~~~~
~~~~~~~~~~~~~~~~~~~~~~~~~~~~
~~~~~~~~~~~~~~~
    + CategoryInfo          
    : NotSpecified: ([33m  
  [plugin builtin:vite-re   
 porter] :String) [], Re    
moteException
    + FullyQualifiedErrorId 
    : NativeCommandError
 
(!) Some chunks are larger 
than 500 kB after 
minification. Consider:
- Using dynamic import() to 
code-split the application
- Use build.rolldownOptions.
output.codeSplitting to 
improve chunking: https://ro
lldown.rs/reference/OutputOp
tions.codeSplitting
- Adjust chunk size limit 
for this warning via build.c
hunkSizeWarningLimit.[39m
